2025-11-21 16:06:40,110 - INFO - Initializing Drone Image Aligner...
2025-11-21 16:06:40,111 - INFO - Feature Detector: SIFT
2025-11-21 16:06:40,111 - INFO - Match Ratio Threshold: 0.75
2025-11-21 16:06:40,111 - INFO - Minimum Matches: 10
2025-11-21 16:06:40,112 - INFO - Processing images from: input-images
2025-11-21 16:06:40,112 - INFO - Output will be saved to: task_1_output
2025-11-21 16:06:40,113 - WARNING - No RGB pair found for thermal image: DJI_20250530121638_0003_T.JPG
2025-11-21 16:06:40,113 - WARNING - No RGB pair found for thermal image: DJI_20250530121911_0007_T.JPG
2025-11-21 16:06:40,114 - WARNING - No RGB pair found for thermal image: DJI_20250530121928_0008_T.JPG
2025-11-21 16:06:40,114 - WARNING - No RGB pair found for thermal image: DJI_20250530121952_0009_T.JPG
2025-11-21 16:06:40,115 - WARNING - No RGB pair found for thermal image: DJI_20250530122012_0010_T.JPG
2025-11-21 16:06:40,115 - WARNING - No RGB pair found for thermal image: DJI_20250530122505_0001_T.JPG
2025-11-21 16:06:40,115 - WARNING - No RGB pair found for thermal image: DJI_20250530122528_0002_T.JPG
2025-11-21 16:06:40,116 - WARNING - No RGB pair found for thermal image: DJI_20250530123002_0002_T.JPG
2025-11-21 16:06:40,116 - INFO - Found 9 image pairs
2025-11-21 16:06:40,116 - INFO - Processing pair: DJI_20250530121540_0001_T.JPG & DJI_20250530121540_0001_Z.JPG
2025-11-21 16:06:40,261 - INFO - Detecting features in thermal image...
2025-11-21 16:06:40,337 - INFO - Detecting features in RGB image...
2025-11-21 16:06:44,480 - INFO - Matching features...
2025-11-21 16:06:44,569 - INFO - Found 10 good matches out of 1897 total matches
2025-11-21 16:06:44,571 - INFO - Computing homography...
2025-11-21 16:06:44,593 - INFO - Homography computed with 4/10 inliers (ratio: 0.40)
2025-11-21 16:06:44,594 - INFO - Warping thermal image...
2025-11-21 16:06:44,701 - INFO - Alignment successful!
2025-11-21 16:06:44,788 - INFO - Saved aligned thermal image: task_1_output\DJI_20250530121540_0001_AT.JPG
2025-11-21 16:06:45,063 - INFO - Copied RGB image: task_1_output\DJI_20250530121540_0001_Z.JPG
2025-11-21 16:06:45,063 - INFO - Processing pair: DJI_20250530121724_0004_T.JPG & DJI_20250530121724_0004_Z.JPG
2025-11-21 16:06:45,223 - INFO - Detecting features in thermal image...
2025-11-21 16:06:45,296 - INFO - Detecting features in RGB image...
2025-11-21 16:06:49,273 - INFO - Matching features...
2025-11-21 16:06:49,397 - INFO - Found 4 good matches out of 2501 total matches
2025-11-21 16:06:49,397 - INFO - Computing homography...
2025-11-21 16:06:49,397 - WARNING - Insufficient matches (4) for homography computation
2025-11-21 16:06:49,398 - ERROR - Failed to compute homography
2025-11-21 16:06:49,411 - ERROR - Failed to process pair: DJI_20250530121724_0004
2025-11-21 16:06:49,411 - INFO - Processing pair: DJI_20250530121839_0006_T.JPG & DJI_20250530121839_0006_Z.JPG
2025-11-21 16:06:49,587 - INFO - Detecting features in thermal image...
2025-11-21 16:06:49,682 - INFO - Detecting features in RGB image...
2025-11-21 16:06:53,804 - INFO - Matching features...
2025-11-21 16:06:53,863 - INFO - Found 14 good matches out of 1478 total matches
2025-11-21 16:06:53,863 - INFO - Computing homography...
2025-11-21 16:06:53,877 - INFO - Homography computed with 5/14 inliers (ratio: 0.36)
2025-11-21 16:06:53,877 - INFO - Warping thermal image...
2025-11-21 16:06:54,070 - INFO - Alignment successful!
2025-11-21 16:06:54,150 - INFO - Saved aligned thermal image: task_1_output\DJI_20250530121839_0006_AT.JPG
2025-11-21 16:06:54,400 - INFO - Copied RGB image: task_1_output\DJI_20250530121839_0006_Z.JPG
2025-11-21 16:06:54,400 - INFO - Processing pair: DJI_20250530122042_0011_T.JPG & DJI_20250530122042_0011_Z.JPG
2025-11-21 16:06:54,553 - INFO - Detecting features in thermal image...
2025-11-21 16:06:54,613 - INFO - Detecting features in RGB image...
2025-11-21 16:06:58,471 - INFO - Matching features...
2025-11-21 16:06:58,509 - INFO - Found 25 good matches out of 934 total matches
2025-11-21 16:06:58,509 - INFO - Computing homography...
2025-11-21 16:06:58,538 - INFO - Homography computed with 8/25 inliers (ratio: 0.32)
2025-11-21 16:06:58,539 - INFO - Warping thermal image...
2025-11-21 16:06:58,735 - INFO - Alignment successful!
2025-11-21 16:06:58,834 - INFO - Saved aligned thermal image: task_1_output\DJI_20250530122042_0011_AT.JPG
2025-11-21 16:06:59,087 - INFO - Copied RGB image: task_1_output\DJI_20250530122042_0011_Z.JPG
2025-11-21 16:06:59,087 - INFO - Processing pair: DJI_20250530122129_0012_T.JPG & DJI_20250530122129_0012_Z.JPG
2025-11-21 16:06:59,232 - INFO - Detecting features in thermal image...
2025-11-21 16:06:59,295 - INFO - Detecting features in RGB image...
2025-11-21 16:07:03,721 - INFO - Matching features...
2025-11-21 16:07:03,772 - INFO - Found 8 good matches out of 978 total matches
2025-11-21 16:07:03,773 - INFO - Computing homography...
2025-11-21 16:07:03,773 - WARNING - Insufficient matches (8) for homography computation
2025-11-21 16:07:03,773 - ERROR - Failed to compute homography
2025-11-21 16:07:03,793 - ERROR - Failed to process pair: DJI_20250530122129_0012
2025-11-21 16:07:03,793 - INFO - Processing pair: DJI_20250530122315_0001_T.JPG & DJI_20250530122315_0001_Z.JPG
2025-11-21 16:07:03,991 - INFO - Detecting features in thermal image...
2025-11-21 16:07:04,077 - INFO - Detecting features in RGB image...
2025-11-21 16:07:08,019 - INFO - Matching features...
2025-11-21 16:07:08,061 - INFO - Found 28 good matches out of 895 total matches
2025-11-21 16:07:08,061 - INFO - Computing homography...
2025-11-21 16:07:08,111 - INFO - Homography computed with 0/28 inliers (ratio: 0.00)
2025-11-21 16:07:08,111 - WARNING - Low inlier ratio (0.00), transformation may be unreliable
2025-11-21 16:07:08,112 - INFO - Warping thermal image...
2025-11-21 16:07:08,363 - INFO - Alignment successful!
2025-11-21 16:07:08,439 - INFO - Saved aligned thermal image: task_1_output\DJI_20250530122315_0001_AT.JPG
2025-11-21 16:07:08,785 - INFO - Copied RGB image: task_1_output\DJI_20250530122315_0001_Z.JPG
2025-11-21 16:07:08,785 - INFO - Processing pair: DJI_20250530122348_0002_T.JPG & DJI_20250530122348_0002_Z.JPG
2025-11-21 16:07:08,938 - INFO - Detecting features in thermal image...
2025-11-21 16:07:09,009 - INFO - Detecting features in RGB image...
2025-11-21 16:07:13,167 - INFO - Matching features...
2025-11-21 16:07:13,193 - INFO - Found 6 good matches out of 623 total matches
2025-11-21 16:07:13,193 - INFO - Computing homography...
2025-11-21 16:07:13,193 - WARNING - Insufficient matches (6) for homography computation
2025-11-21 16:07:13,194 - ERROR - Failed to compute homography
2025-11-21 16:07:13,206 - ERROR - Failed to process pair: DJI_20250530122348_0002
2025-11-21 16:07:13,206 - INFO - Processing pair: DJI_20250530122558_0003_T.JPG & DJI_20250530122558_0003_Z.JPG
2025-11-21 16:07:13,353 - INFO - Detecting features in thermal image...
2025-11-21 16:07:13,430 - INFO - Detecting features in RGB image...
2025-11-21 16:07:16,972 - INFO - Matching features...
2025-11-21 16:07:17,024 - INFO - Found 9 good matches out of 1226 total matches
2025-11-21 16:07:17,024 - INFO - Computing homography...
2025-11-21 16:07:17,025 - WARNING - Insufficient matches (9) for homography computation
2025-11-21 16:07:17,025 - ERROR - Failed to compute homography
2025-11-21 16:07:17,031 - ERROR - Failed to process pair: DJI_20250530122558_0003
2025-11-21 16:07:17,031 - INFO - Processing pair: DJI_20250530123037_0003_T.JPG & DJI_20250530123037_0003_Z.JPG
2025-11-21 16:07:17,184 - INFO - Detecting features in thermal image...
2025-11-21 16:07:17,251 - INFO - Detecting features in RGB image...
2025-11-21 16:07:20,805 - INFO - Matching features...
2025-11-21 16:07:20,859 - INFO - Found 10 good matches out of 1276 total matches
2025-11-21 16:07:20,860 - INFO - Computing homography...
2025-11-21 16:07:20,869 - INFO - Homography computed with 4/10 inliers (ratio: 0.40)
2025-11-21 16:07:20,869 - INFO - Warping thermal image...
2025-11-21 16:07:21,088 - INFO - Alignment successful!
2025-11-21 16:07:21,162 - INFO - Saved aligned thermal image: task_1_output\DJI_20250530123037_0003_AT.JPG
2025-11-21 16:07:21,395 - INFO - Copied RGB image: task_1_output\DJI_20250530123037_0003_Z.JPG
2025-11-21 16:07:21,395 - INFO - 
==================================================
2025-11-21 16:07:21,395 - INFO - PROCESSING STATISTICS
2025-11-21 16:07:21,396 - INFO - ==================================================
2025-11-21 16:07:21,396 - INFO - Total pairs processed: 9
2025-11-21 16:07:21,396 - INFO - Successfully aligned: 5
2025-11-21 16:07:21,396 - INFO - Failed alignments: 4
2025-11-21 16:07:21,397 - INFO - Insufficient matches: 4
2025-11-21 16:07:21,397 - INFO - Homography failures: 0
2025-11-21 16:07:21,397 - INFO - Success rate: 55.6%
2025-11-21 16:07:21,397 - INFO - ==================================================
2025-11-21 16:07:38,012 - INFO - Initializing Drone Image Aligner...
2025-11-21 16:07:38,012 - INFO - Feature Detector: ORB
2025-11-21 16:07:38,012 - INFO - Match Ratio Threshold: 0.8
2025-11-21 16:07:38,013 - INFO - Minimum Matches: 6
2025-11-21 16:07:38,015 - INFO - Processing images from: input-images
2025-11-21 16:07:38,015 - INFO - Output will be saved to: task_1_output_improved
2025-11-21 16:07:38,016 - DEBUG - Found pair: DJI_20250530121540_0001
2025-11-21 16:07:38,016 - WARNING - No RGB pair found for thermal image: DJI_20250530121638_0003_T.JPG
2025-11-21 16:07:38,016 - DEBUG - Found pair: DJI_20250530121724_0004
2025-11-21 16:07:38,017 - DEBUG - Found pair: DJI_20250530121839_0006
2025-11-21 16:07:38,017 - WARNING - No RGB pair found for thermal image: DJI_20250530121911_0007_T.JPG
2025-11-21 16:07:38,017 - WARNING - No RGB pair found for thermal image: DJI_20250530121928_0008_T.JPG
2025-11-21 16:07:38,018 - WARNING - No RGB pair found for thermal image: DJI_20250530121952_0009_T.JPG
2025-11-21 16:07:38,018 - WARNING - No RGB pair found for thermal image: DJI_20250530122012_0010_T.JPG
2025-11-21 16:07:38,018 - DEBUG - Found pair: DJI_20250530122042_0011
2025-11-21 16:07:38,019 - DEBUG - Found pair: DJI_20250530122129_0012
2025-11-21 16:07:38,019 - DEBUG - Found pair: DJI_20250530122315_0001
2025-11-21 16:07:38,020 - DEBUG - Found pair: DJI_20250530122348_0002
2025-11-21 16:07:38,020 - WARNING - No RGB pair found for thermal image: DJI_20250530122505_0001_T.JPG
2025-11-21 16:07:38,020 - WARNING - No RGB pair found for thermal image: DJI_20250530122528_0002_T.JPG
2025-11-21 16:07:38,021 - DEBUG - Found pair: DJI_20250530122558_0003
2025-11-21 16:07:38,021 - WARNING - No RGB pair found for thermal image: DJI_20250530123002_0002_T.JPG
2025-11-21 16:07:38,022 - DEBUG - Found pair: DJI_20250530123037_0003
2025-11-21 16:07:38,022 - INFO - Found 9 image pairs
2025-11-21 16:07:38,022 - INFO - Processing pair: DJI_20250530121540_0001_T.JPG & DJI_20250530121540_0001_Z.JPG
2025-11-21 16:07:38,167 - INFO - Detecting features in thermal image...
2025-11-21 16:07:38,409 - DEBUG - Found 2679 keypoints
2025-11-21 16:07:38,409 - INFO - Detecting features in RGB image...
2025-11-21 16:07:38,704 - DEBUG - Found 5000 keypoints
2025-11-21 16:07:38,705 - INFO - Matching features...
2025-11-21 16:07:38,779 - INFO - Found 42 good matches out of 2679 total matches
2025-11-21 16:07:38,779 - INFO - Computing homography...
2025-11-21 16:07:38,944 - INFO - Homography computed with 6/42 inliers (ratio: 0.14)
2025-11-21 16:07:38,944 - WARNING - Low inlier ratio (0.14), transformation may be unreliable
2025-11-21 16:07:38,944 - INFO - Warping thermal image...
2025-11-21 16:07:39,142 - INFO - Alignment successful!
2025-11-21 16:07:39,246 - INFO - Saved aligned thermal image: task_1_output_improved\DJI_20250530121540_0001_AT.JPG
2025-11-21 16:07:39,541 - INFO - Copied RGB image: task_1_output_improved\DJI_20250530121540_0001_Z.JPG
2025-11-21 16:07:39,542 - INFO - Processing pair: DJI_20250530121724_0004_T.JPG & DJI_20250530121724_0004_Z.JPG
2025-11-21 16:07:39,683 - INFO - Detecting features in thermal image...
2025-11-21 16:07:39,694 - DEBUG - Found 3072 keypoints
2025-11-21 16:07:39,694 - INFO - Detecting features in RGB image...
2025-11-21 16:07:40,064 - DEBUG - Found 5000 keypoints
2025-11-21 16:07:40,066 - INFO - Matching features...
2025-11-21 16:07:40,149 - INFO - Found 47 good matches out of 3072 total matches
2025-11-21 16:07:40,150 - INFO - Computing homography...
2025-11-21 16:07:40,260 - INFO - Homography computed with 0/47 inliers (ratio: 0.00)
2025-11-21 16:07:40,260 - WARNING - Low inlier ratio (0.00), transformation may be unreliable
2025-11-21 16:07:40,260 - INFO - Warping thermal image...
2025-11-21 16:07:40,450 - INFO - Alignment successful!
2025-11-21 16:07:40,535 - INFO - Saved aligned thermal image: task_1_output_improved\DJI_20250530121724_0004_AT.JPG
2025-11-21 16:07:40,770 - INFO - Copied RGB image: task_1_output_improved\DJI_20250530121724_0004_Z.JPG
2025-11-21 16:07:40,770 - INFO - Processing pair: DJI_20250530121839_0006_T.JPG & DJI_20250530121839_0006_Z.JPG
2025-11-21 16:07:40,906 - INFO - Detecting features in thermal image...
2025-11-21 16:07:40,915 - DEBUG - Found 2356 keypoints
2025-11-21 16:07:40,916 - INFO - Detecting features in RGB image...
2025-11-21 16:07:41,251 - DEBUG - Found 5000 keypoints
2025-11-21 16:07:41,253 - INFO - Matching features...
2025-11-21 16:07:41,317 - INFO - Found 19 good matches out of 2356 total matches
2025-11-21 16:07:41,318 - INFO - Computing homography...
2025-11-21 16:07:41,336 - INFO - Homography computed with 3/19 inliers (ratio: 0.16)
2025-11-21 16:07:41,337 - WARNING - Low inlier ratio (0.16), transformation may be unreliable
2025-11-21 16:07:41,337 - INFO - Warping thermal image...
2025-11-21 16:07:41,542 - INFO - Alignment successful!
2025-11-21 16:07:41,628 - INFO - Saved aligned thermal image: task_1_output_improved\DJI_20250530121839_0006_AT.JPG
2025-11-21 16:07:41,858 - INFO - Copied RGB image: task_1_output_improved\DJI_20250530121839_0006_Z.JPG
2025-11-21 16:07:41,858 - INFO - Processing pair: DJI_20250530122042_0011_T.JPG & DJI_20250530122042_0011_Z.JPG
2025-11-21 16:07:41,993 - INFO - Detecting features in thermal image...
2025-11-21 16:07:42,003 - DEBUG - Found 1673 keypoints
2025-11-21 16:07:42,003 - INFO - Detecting features in RGB image...
2025-11-21 16:07:42,324 - DEBUG - Found 5000 keypoints
2025-11-21 16:07:42,326 - INFO - Matching features...
2025-11-21 16:07:42,373 - INFO - Found 23 good matches out of 1673 total matches
2025-11-21 16:07:42,373 - INFO - Computing homography...
2025-11-21 16:07:42,385 - INFO - Homography computed with 8/23 inliers (ratio: 0.35)
2025-11-21 16:07:42,385 - INFO - Warping thermal image...
2025-11-21 16:07:42,590 - INFO - Alignment successful!
2025-11-21 16:07:42,676 - INFO - Saved aligned thermal image: task_1_output_improved\DJI_20250530122042_0011_AT.JPG
2025-11-21 16:07:42,909 - INFO - Copied RGB image: task_1_output_improved\DJI_20250530122042_0011_Z.JPG
2025-11-21 16:07:42,910 - INFO - Processing pair: DJI_20250530122129_0012_T.JPG & DJI_20250530122129_0012_Z.JPG
2025-11-21 16:07:43,043 - INFO - Detecting features in thermal image...
2025-11-21 16:07:43,053 - DEBUG - Found 1980 keypoints
2025-11-21 16:07:43,054 - INFO - Detecting features in RGB image...
2025-11-21 16:07:43,377 - DEBUG - Found 5000 keypoints
2025-11-21 16:07:43,378 - INFO - Matching features...
2025-11-21 16:07:43,434 - INFO - Found 19 good matches out of 1980 total matches
2025-11-21 16:07:43,435 - INFO - Computing homography...
2025-11-21 16:07:43,511 - INFO - Homography computed with 4/19 inliers (ratio: 0.21)
2025-11-21 16:07:43,511 - INFO - Warping thermal image...
2025-11-21 16:07:43,694 - INFO - Alignment successful!
2025-11-21 16:07:43,774 - INFO - Saved aligned thermal image: task_1_output_improved\DJI_20250530122129_0012_AT.JPG
2025-11-21 16:07:44,005 - INFO - Copied RGB image: task_1_output_improved\DJI_20250530122129_0012_Z.JPG
2025-11-21 16:07:44,005 - INFO - Processing pair: DJI_20250530122315_0001_T.JPG & DJI_20250530122315_0001_Z.JPG
2025-11-21 16:07:44,140 - INFO - Detecting features in thermal image...
2025-11-21 16:07:44,150 - DEBUG - Found 1950 keypoints
2025-11-21 16:07:44,151 - INFO - Detecting features in RGB image...
2025-11-21 16:07:44,452 - DEBUG - Found 5000 keypoints
2025-11-21 16:07:44,454 - INFO - Matching features...
2025-11-21 16:07:44,508 - INFO - Found 17 good matches out of 1950 total matches
2025-11-21 16:07:44,508 - INFO - Computing homography...
2025-11-21 16:07:44,558 - INFO - Homography computed with 4/17 inliers (ratio: 0.24)
2025-11-21 16:07:44,559 - INFO - Warping thermal image...
2025-11-21 16:07:44,766 - INFO - Alignment successful!
2025-11-21 16:07:44,851 - INFO - Saved aligned thermal image: task_1_output_improved\DJI_20250530122315_0001_AT.JPG
2025-11-21 16:07:45,090 - INFO - Copied RGB image: task_1_output_improved\DJI_20250530122315_0001_Z.JPG
2025-11-21 16:07:45,090 - INFO - Processing pair: DJI_20250530122348_0002_T.JPG & DJI_20250530122348_0002_Z.JPG
2025-11-21 16:07:45,222 - INFO - Detecting features in thermal image...
2025-11-21 16:07:45,230 - DEBUG - Found 880 keypoints
2025-11-21 16:07:45,231 - INFO - Detecting features in RGB image...
2025-11-21 16:07:45,569 - DEBUG - Found 5000 keypoints
2025-11-21 16:07:45,571 - INFO - Matching features...
2025-11-21 16:07:45,594 - INFO - Found 14 good matches out of 880 total matches
2025-11-21 16:07:45,594 - INFO - Computing homography...
2025-11-21 16:07:45,604 - INFO - Homography computed with 5/14 inliers (ratio: 0.36)
2025-11-21 16:07:45,605 - INFO - Warping thermal image...
2025-11-21 16:07:45,751 - INFO - Alignment successful!
2025-11-21 16:07:45,826 - INFO - Saved aligned thermal image: task_1_output_improved\DJI_20250530122348_0002_AT.JPG
2025-11-21 16:07:46,049 - INFO - Copied RGB image: task_1_output_improved\DJI_20250530122348_0002_Z.JPG
2025-11-21 16:07:46,049 - INFO - Processing pair: DJI_20250530122558_0003_T.JPG & DJI_20250530122558_0003_Z.JPG
2025-11-21 16:07:46,182 - INFO - Detecting features in thermal image...
2025-11-21 16:07:46,193 - DEBUG - Found 2370 keypoints
2025-11-21 16:07:46,193 - INFO - Detecting features in RGB image...
2025-11-21 16:07:46,526 - DEBUG - Found 5000 keypoints
2025-11-21 16:07:46,527 - INFO - Matching features...
2025-11-21 16:07:46,590 - INFO - Found 32 good matches out of 2370 total matches
2025-11-21 16:07:46,590 - INFO - Computing homography...
2025-11-21 16:07:46,659 - INFO - Homography computed with 1/32 inliers (ratio: 0.03)
2025-11-21 16:07:46,659 - WARNING - Low inlier ratio (0.03), transformation may be unreliable
2025-11-21 16:07:46,659 - INFO - Warping thermal image...
2025-11-21 16:07:46,853 - INFO - Alignment successful!
2025-11-21 16:07:46,942 - INFO - Saved aligned thermal image: task_1_output_improved\DJI_20250530122558_0003_AT.JPG
2025-11-21 16:07:47,172 - INFO - Copied RGB image: task_1_output_improved\DJI_20250530122558_0003_Z.JPG
2025-11-21 16:07:47,172 - INFO - Processing pair: DJI_20250530123037_0003_T.JPG & DJI_20250530123037_0003_Z.JPG
2025-11-21 16:07:47,305 - INFO - Detecting features in thermal image...
2025-11-21 16:07:47,318 - DEBUG - Found 2549 keypoints
2025-11-21 16:07:47,318 - INFO - Detecting features in RGB image...
2025-11-21 16:07:47,643 - DEBUG - Found 5000 keypoints
2025-11-21 16:07:47,644 - INFO - Matching features...
2025-11-21 16:07:47,713 - INFO - Found 25 good matches out of 2549 total matches
2025-11-21 16:07:47,714 - INFO - Computing homography...
2025-11-21 16:07:47,835 - INFO - Homography computed with 5/25 inliers (ratio: 0.20)
2025-11-21 16:07:47,836 - INFO - Warping thermal image...
2025-11-21 16:07:47,966 - INFO - Alignment successful!
2025-11-21 16:07:48,048 - INFO - Saved aligned thermal image: task_1_output_improved\DJI_20250530123037_0003_AT.JPG
2025-11-21 16:07:48,275 - INFO - Copied RGB image: task_1_output_improved\DJI_20250530123037_0003_Z.JPG
2025-11-21 16:07:48,275 - INFO - 
==================================================
2025-11-21 16:07:48,276 - INFO - PROCESSING STATISTICS
2025-11-21 16:07:48,276 - INFO - ==================================================
2025-11-21 16:07:48,276 - INFO - Total pairs processed: 9
2025-11-21 16:07:48,276 - INFO - Successfully aligned: 9
2025-11-21 16:07:48,276 - INFO - Failed alignments: 0
2025-11-21 16:07:48,277 - INFO - Insufficient matches: 0
2025-11-21 16:07:48,277 - INFO - Homography failures: 0
2025-11-21 16:07:48,277 - INFO - Success rate: 100.0%
2025-11-21 16:07:48,277 - INFO - ==================================================
